******************************************************************************
                  TI ARM Linker PC v20.2.7                     
******************************************************************************
>> Linked Mon Oct 24 15:40:23 2022

OUTPUT FILE NAME:   <LineFollowRobot.out>
ENTRY POINT SYMBOL: "_c_int00_noargs"  address: 00003d01


MEMORY CONFIGURATION

         name            origin    length      used     unused   attr    fill
----------------------  --------  ---------  --------  --------  ----  --------
  MAIN                  00000000   00040000  00004154  0003beac  R  X
  INFO                  00200000   00004000  00000000  00004000  R  X
  SRAM_CODE             01000000   00010000  000009e6  0000f61a  RW X
  SRAM_DATA             20000000   00010000  000009e6  0000f61a  RW  


SEGMENT ALLOCATION MAP

run origin  load origin   length   init length attrs members
----------  ----------- ---------- ----------- ----- -------
00000000    00000000    00004158   00004158    r-x
  00000000    00000000    000000e4   000000e4    r-- .intvecs
  000000e4    000000e4    00003eac   00003eac    r-x .text
  00003f90    00003f90    0000012c   0000012c    r-- .const
  000040c0    000040c0    00000098   00000098    r-- .cinit
20000000    20000000    000007e6   00000000    rw-
  20000000    20000000    00000400   00000000    rw- .sysmem
  20000400    20000400    00000210   00000000    rw- .data
  20000610    20000610    000001d6   00000000    rw- .bss
2000fe00    2000fe00    00000200   00000000    rw-
  2000fe00    2000fe00    00000200   00000000    rw- .stack


SECTION ALLOCATION MAP

 output                                  attributes/
section   page    origin      length       input sections
--------  ----  ----------  ----------   ----------------
.intvecs   0    00000000    000000e4     
                  00000000    000000e4     startup_msp432p401r_ccs.obj (.intvecs:retain)

.text      0    000000e4    00003eac     
                  000000e4    00000a4e     rtsv7M4_T_le_v4SPD16_eabi.lib : _printfi.c.obj (.text:__TI_printfi)
                  00000b32    00000002                                   : _lock.c.obj (.text:_nop)
                  00000b34    00000630     TExaS.obj (.text)
                  00001164    0000032c     system_msp432p401r.obj (.text)
                  00001490    00000274     main.obj (.text)
                  00001704    00000270     rtsv7M4_T_le_v4SPD16_eabi.lib : _printfi.c.obj (.text:_pconv_a)
                  00001974    00000228     pwm.obj (.text)
                  00001b9c    000001e0     Clock.obj (.text)
                  00001d7c    000001d0     rtsv7M4_T_le_v4SPD16_eabi.lib : _printfi.c.obj (.text:_pconv_g)
                  00001f4c    000001b6                                   : fd_add_t2.asm.obj (.text)
                  00002102    00000002                                   : div0.asm.obj (.text)
                  00002104    00000190     reflectance.obj (.text)
                  00002294    0000017c     Motor.obj (.text)
                  00002410    0000013c     rtsv7M4_T_le_v4SPD16_eabi.lib : _printfi.c.obj (.text:_pconv_e)
                  0000254c    00000136                                   : fd_div_t2.asm.obj (.text)
                  00002682    00000002     --HOLE-- [fill = 0]
                  00002684    00000124                                   : _printfi.c.obj (.text:fcvt)
                  000027a8    00000114                                   : fputs.c.obj (.text:fputs)
                  000028bc    00000110                                   : s_scalbn.c.obj (.text:scalbn)
                  000029cc    00000100                                   : memory.c.obj (.text:aligned_alloc)
                  00002acc    000000fc                                   : fd_mul_t2.asm.obj (.text)
                  00002bc8    000000f8     LaunchPad.obj (.text)
                  00002cc0    000000e4     rtsv7M4_T_le_v4SPD16_eabi.lib : memory.c.obj (.text:free)
                  00002da4    000000dc                                   : setvbuf.c.obj (.text:setvbuf)
                  00002e80    000000b1                                   : _printfi.c.obj (.text:_ltostr)
                  00002f31    00000003     --HOLE-- [fill = 0]
                  00002f34    000000a8     TimerA1.obj (.text)
                  00002fdc    0000009c     rtsv7M4_T_le_v4SPD16_eabi.lib : memcpy_t2.asm.obj (.text)
                  00003078    00000096                                   : ull_div_t2.asm.obj (.text)
                  0000310e    00000002     --HOLE-- [fill = 0]
                  00003110    0000008c                                   : fputc.c.obj (.text:fputc)
                  0000319c    00000086                                   : fd_cmp_t2.asm.obj (.text:__aeabi_cdcmple)
                  00003222    00000086                                   : fd_cmp_t2.asm.obj (.text:__aeabi_cdrcmple)
                  000032a8    0000007a                                   : memset_t2.asm.obj (.text)
                  00003322    00000002     --HOLE-- [fill = 0]
                  00003324    00000074                                   : fclose.c.obj (.text:__TI_closefile)
                  00003398    00000070                                   : memory.c.obj (.text:split)
                  00003408    0000006e                                   : _printfi.c.obj (.text:_mcpy)
                  00003476    00000002     --HOLE-- [fill = 0]
                  00003478    0000006c                                   : hostrename.c.obj (.text:HOSTrename)
                  000034e4    00000068                                   : hostlseek.c.obj (.text:HOSTlseek)
                  0000354c    00000068                                   : copy_decompress_lzss.c.obj (.text:decompress:lzss:__TI_decompress_lzss)
                  000035b4    00000068                                   : printf.c.obj (.text:printf)
                  0000361c    00000064                                   : s_frexp.c.obj (.text:frexp)
                  00003680    00000064                                   : fseek.c.obj (.text:fseek)
                  000036e4    00000062                                   : _io_perm.c.obj (.text:__TI_wrt_ok)
                  00003746    00000002     --HOLE-- [fill = 0]
                  00003748    00000060                                   : hostopen.c.obj (.text:HOSTopen)
                  000037a8    0000005c                                   : close.c.obj (.text:close)
                  00003804    00000058                                   : hostread.c.obj (.text:HOSTread)
                  0000385c    00000058                                   : hostwrite.c.obj (.text:HOSTwrite)
                  000038b4    00000056                                   : _printfi.c.obj (.text:_pconv_f)
                  0000390a    00000054                                   : _ltoa.c.obj (.text:__TI_ltoa)
                  0000395e    00000052                                   : _printfi.c.obj (.text:_ecpy)
                  000039b0    0000004c                                   : fflush.c.obj (.text:__TI_doflush)
                  000039fc    0000004c                                   : atoi.c.obj (.text:atoi)
                  00003a48    00000048                                   : exit.c.obj (.text:exit)
                  00003a90    00000048                                   : fd_toi_t2.asm.obj (.text)
                  00003ad8    00000044                                   : hostclose.c.obj (.text:HOSTclose)
                  00003b1c    00000044                                   : hostunlink.c.obj (.text:HOSTunlink)
                  00003b60    00000044                                   : autoinit.c.obj (.text:__TI_auto_init_nobinit_nopinit:__TI_auto_init_nobinit_nopinit)
                  00003ba4    00000044                                   : getdevice.c.obj (.text:getdevice)
                  00003be8    0000003e                                   : _printfi.c.obj (.text:_fcpy)
                  00003c26    00000002     --HOLE-- [fill = 0]
                  00003c28    00000038                                   : trgmsg.c.obj (.text:__TI_writemsg)
                  00003c60    00000036                                   : strncpy.c.obj (.text:strncpy)
                  00003c96    00000002     --HOLE-- [fill = 0]
                  00003c98    00000034                                   : fopen.c.obj (.text:__TI_cleanup)
                  00003ccc    00000034                                   : trgmsg.c.obj (.text:__TI_readmsg)
                  00003d00    00000034                                   : boot_cortex_m.c.obj (.text:_c_int00_noargs:_c_int00_noargs)
                  00003d34    00000030                                   : getdevice.c.obj (.text:finddevice)
                  00003d64    0000002e                                   : i_tofd_t2.asm.obj (.text)
                  00003d92    00000002     --HOLE-- [fill = 0]
                  00003d94    0000002c                                   : unlink.c.obj (.text:unlink)
                  00003dc0    00000028                                   : memory.c.obj (.text:free_list_insert)
                  00003de8    00000028                                   : lseek.c.obj (.text:lseek)
                  00003e10    00000028                                   : write.c.obj (.text:write)
                  00003e38    00000024     CortexM.obj (.text)
                  00003e5c    00000020     rtsv7M4_T_le_v4SPD16_eabi.lib : memchr.c.obj (.text:memchr)
                  00003e7c    0000001c                                   : copy_zero_init.c.obj (.text:decompress:ZI:__TI_zero_init_nomemset:__TI_zero_init_nomemset)
                  00003e98    0000001c                                   : memory.c.obj (.text:free_list_remove)
                  00003eb4    0000001c                                   : memccpy.c.obj (.text:memccpy)
                  00003ed0    0000001a                                   : s_copysign.c.obj (.text:copysign)
                  00003eea    00000018                                   : strcmp.c.obj (.text:strcmp)
                  00003f02    00000016                                   : strchr.c.obj (.text:strchr)
                  00003f18    00000014                                   : strcpy.c.obj (.text:strcpy)
                  00003f2c    00000014                                   : strlen.c.obj (.text:strlen)
                  00003f40    00000012                                   : wcslen.c.obj (.text:wcslen)
                  00003f52    0000000e                                   : copy_decompress_none.c.obj (.text:decompress:none:__TI_decompress_none)
                  00003f60    0000000e     startup_msp432p401r_ccs.obj (.text)
                  00003f6e    00000002     --HOLE-- [fill = 0]
                  00003f70    00000008     rtsv7M4_T_le_v4SPD16_eabi.lib : errno.c.obj (.text:__aeabi_errno_addr)
                  00003f78    00000008                                   : memory.c.obj (.text:malloc)
                  00003f80    00000004                                   : printf.c.obj (.text:_outc)
                  00003f84    00000004                                   : printf.c.obj (.text:_outs)
                  00003f88    00000004                                   : pre_init.c.obj (.text:_system_pre_init)
                  00003f8c    00000004                                   : exit.c.obj (.text:abort:abort)

.const     0    00003f90    0000012c     
                  00003f90    00000101     rtsv7M4_T_le_v4SPD16_eabi.lib : ctype.c.obj (.const:.string:_ctypes_)
                  00004091    00000003     --HOLE-- [fill = 0]
                  00004094    00000020     reflectance.obj (.const:$P$T0$1)
                  000040b4    00000008     reflectance.obj (.const:.string:$P$T1$2)

.cinit     0    000040c0    00000098     
                  000040c0    00000070     (.cinit..data.load) [load image, compression = lzss]
                  00004130    0000000c     (__TI_handler_table)
                  0000413c    00000004     --HOLE-- [fill = 0]
                  00004140    00000008     (.cinit..bss.load) [load image, compression = zero_init]
                  00004148    00000010     (__TI_cinit_table)

.init_array 
*          0    00000000    00000000     UNINITIALIZED

.binit     0    00000000    00000000     

.sysmem    0    20000000    00000400     UNINITIALIZED
                  20000000    00000010     rtsv7M4_T_le_v4SPD16_eabi.lib : memory.c.obj (.sysmem)
                  20000010    000003f0     --HOLE--

.data      0    20000400    00000210     UNINITIALIZED
                  20000400    000000f0     rtsv7M4_T_le_v4SPD16_eabi.lib : defs.c.obj (.data:_ftable)
                  200004f0    00000078                                   : host_device.c.obj (.data:_device)
                  20000568    00000050                                   : host_device.c.obj (.data:_stream)
                  200005b8    00000018     Clock.obj (.data)
                  200005d0    00000010     rtsv7M4_T_le_v4SPD16_eabi.lib : defs.c.obj (.data)
                  200005e0    0000000c                                   : exit.c.obj (.data:$O1$$)
                  200005ec    0000000c     TExaS.obj (.data)
                  200005f8    00000008     rtsv7M4_T_le_v4SPD16_eabi.lib : _lock.c.obj (.data:$O1$$)
                  20000600    00000008                                   : memory.c.obj (.data:$O1$$)
                  20000608    00000004                                   : errno.c.obj (.data)
                  2000060c    00000004     system_msp432p401r.obj (.data)

.bss       0    20000610    000001d6     UNINITIALIZED
                  20000610    00000120     rtsv7M4_T_le_v4SPD16_eabi.lib : trgmsg.c.obj (.bss:_CIOBUF_)
                  20000730    000000a0     (.common:__TI_tmpnams)
                  200007d0    00000008     (.common:parmbuf)
                  200007d8    00000004     (.common:PeriodicTask2)
                  200007dc    00000004     (.common:Position)
                  200007e0    00000004     (.common:TimerA1Task)
                  200007e4    00000001     (.common:Data)
                  200007e5    00000001     (.common:LogicData)

.stack     0    2000fe00    00000200     UNINITIALIZED
                  2000fe00    00000004     rtsv7M4_T_le_v4SPD16_eabi.lib : boot_cortex_m.c.obj (.stack)
                  2000fe04    000001fc     --HOLE--

__llvm_prf_cnts 
*          0    20000000    00000000     UNINITIALIZED

MODULE SUMMARY

       Module                        code    ro data   rw data
       ------                        ----    -------   -------
    .\
       TExaS.obj                     1584    0         34     
       system_msp432p401r.obj        812     0         8      
       main.obj                      628     0         10     
       pwm.obj                       552     0         0      
       Clock.obj                     480     0         48     
       reflectance.obj               400     40        0      
       Motor.obj                     380     0         0      
       LaunchPad.obj                 248     0         0      
       startup_msp432p401r_ccs.obj   14      228       0      
       TimerA1.obj                   168     0         8      
       CortexM.obj                   36      0         0      
    +--+-----------------------------+-------+---------+---------+
       Total:                        5302    268       108    
                                                              
    C:\ti\ccs1210\ccs\tools\compiler\ti-cgt-arm_20.2.7.LTS\lib\rtsv7M4_T_le_v4SPD16_eabi.lib
       _printfi.c.obj                4851    0         0      
       defs.c.obj                    0       0         832    
       memory.c.obj                  672     0         16     
       trgmsg.c.obj                  108     0         576    
       fd_add_t2.asm.obj             438     0         0      
       host_device.c.obj             0       0         400    
       fd_div_t2.asm.obj             310     0         0      
       fputs.c.obj                   276     0         0      
       s_scalbn.c.obj                272     0         0      
       fd_cmp_t2.asm.obj             268     0         0      
       ctype.c.obj                   0       257       0      
       fd_mul_t2.asm.obj             252     0         0      
       setvbuf.c.obj                 220     0         0      
       memcpy_t2.asm.obj             156     0         0      
       ull_div_t2.asm.obj            150     0         0      
       fputc.c.obj                   140     0         0      
       memset_t2.asm.obj             122     0         0      
       fclose.c.obj                  116     0         0      
       getdevice.c.obj               116     0         0      
       hostopen.c.obj                96      0         16     
       printf.c.obj                  112     0         0      
       hostrename.c.obj              108     0         0      
       copy_decompress_lzss.c.obj    104     0         0      
       hostlseek.c.obj               104     0         0      
       exit.c.obj                    76      0         24     
       fseek.c.obj                   100     0         0      
       s_frexp.c.obj                 100     0         0      
       _io_perm.c.obj                98      0         0      
       close.c.obj                   92      0         0      
       hostread.c.obj                88      0         0      
       hostwrite.c.obj               88      0         0      
       _ltoa.c.obj                   84      0         0      
       atoi.c.obj                    76      0         0      
       fflush.c.obj                  76      0         0      
       fd_toi_t2.asm.obj             72      0         0      
       autoinit.c.obj                68      0         0      
       hostclose.c.obj               68      0         0      
       hostunlink.c.obj              68      0         0      
       strncpy.c.obj                 54      0         0      
       boot_cortex_m.c.obj           52      0         0      
       fopen.c.obj                   52      0         0      
       i_tofd_t2.asm.obj             46      0         0      
       unlink.c.obj                  44      0         0      
       lseek.c.obj                   40      0         0      
       write.c.obj                   40      0         0      
       memchr.c.obj                  32      0         0      
       copy_zero_init.c.obj          28      0         0      
       memccpy.c.obj                 28      0         0      
       s_copysign.c.obj              26      0         0      
       strcmp.c.obj                  24      0         0      
       strchr.c.obj                  22      0         0      
       strcpy.c.obj                  20      0         0      
       strlen.c.obj                  20      0         0      
       _lock.c.obj                   2       0         16     
       wcslen.c.obj                  18      0         0      
       errno.c.obj                   8       0         8      
       copy_decompress_none.c.obj    14      0         0      
       pre_init.c.obj                4       0         0      
       div0.asm.obj                  2       0         0      
    +--+-----------------------------+-------+---------+---------+
       Total:                        10721   257       1888   
                                                              
       Heap:                         0       0         2048   
       Stack:                        0       0         1024   
       Linker Generated:             0       148       0      
    +--+-----------------------------+-------+---------+---------+
       Grand Total:                  16023   673       5068   


LINKER GENERATED COPY TABLES

__TI_cinit_table @ 00004148 records: 2, size/record: 8, table size: 16
	.data: load addr=000040c0, load size=00000070 bytes, run addr=20000400, run size=00000210 bytes, compression=lzss
	.bss: load addr=00004140, load size=00000008 bytes, run addr=20000610, run size=000001d6 bytes, compression=zero_init


LINKER GENERATED HANDLER TABLE

__TI_handler_table @ 00004130 records: 3, size/record: 4, table size: 12
	index: 0, handler: __TI_decompress_lzss
	index: 1, handler: __TI_decompress_none
	index: 2, handler: __TI_zero_init


GLOBAL SYMBOLS: SORTED ALPHABETICALLY BY Name 

address   name                           
-------   ----                           
00003f6d  ADC14_IRQHandler               
00000ec5  ADC_Init                       
00003f6d  AES256_IRQHandler              
00003f6d  BusFault_Handler               
00003f8d  C$$EXIT                        
00003c57  C$$IO$$                        
00003f6d  COMP_E0_IRQHandler             
00003f6d  COMP_E1_IRQHandler             
200005c0  CPMwait                        
00003f6d  CS_IRQHandler                  
200005b8  ClockFrequency                 
00001cf1  Clock_Delay1ms                 
00001cc7  Clock_Delay1us                 
00001cb3  Clock_GetFreq                  
00001b9d  Clock_Init48MHz                
200005cc  Crystalstable                  
00003f6d  DMA_ERR_IRQHandler             
00003f6d  DMA_INT0_IRQHandler            
00003f6d  DMA_INT1_IRQHandler            
00003f6d  DMA_INT2_IRQHandler            
00003f6d  DMA_INT3_IRQHandler            
200007e4  Data                           
00003f6d  DebugMon_Handler               
00003f6d  Default_Handler                
00003e39  DisableInterrupts              
00003f6d  EUSCIA0_IRQHandler             
00003f6d  EUSCIA1_IRQHandler             
00003f6d  EUSCIA2_IRQHandler             
00003f6d  EUSCIA3_IRQHandler             
00003f6d  EUSCIB0_IRQHandler             
00003f6d  EUSCIB1_IRQHandler             
00003f6d  EUSCIB2_IRQHandler             
00003f6d  EUSCIB3_IRQHandler             
00003e3f  EnableInterrupts               
00003e4f  EndCritical                    
00003f6d  FLCTL_IRQHandler               
00003f6d  FPU_IRQHandler                 
00003ad9  HOSTclose                      
000034e5  HOSTlseek                      
00003749  HOSTopen                       
00003805  HOSTread                       
00003479  HOSTrename                     
00003b1d  HOSTunlink                     
0000385d  HOSTwrite                      
00003f6d  HardFault_Handler              
200005c8  IFlags                         
00002bc9  LaunchPad_Init                 
00002c39  LaunchPad_Input                
00002c57  LaunchPad_LED                  
00002c75  LaunchPad_Output               
00000b35  LogicAnalyzer                  
00000b3f  LogicAnalyzer_P1               
00000c15  LogicAnalyzer_P10              
00000b4d  LogicAnalyzer_P2               
00000b5b  LogicAnalyzer_P2_7654          
00000b6b  LogicAnalyzer_P3               
00000b79  LogicAnalyzer_P4               
00000b97  LogicAnalyzer_P4_765320        
00000b87  LogicAnalyzer_P4_765432        
00000bcf  LogicAnalyzer_P5               
00000bdd  LogicAnalyzer_P6               
00000beb  LogicAnalyzer_P7               
00000bf9  LogicAnalyzer_P8               
00000c07  LogicAnalyzer_P9               
200007e5  LogicData                      
00003f6d  MemManage_Handler              
000023bd  Motor_Backward                 
00002319  Motor_Forward                  
00002295  Motor_Init                     
00002383  Motor_Left                     
00002349  Motor_Right                    
000022eb  Motor_Stop                     
00003f6d  NMI_Handler                    
00003f6d  PCM_IRQHandler                 
00003f6d  PORT1_IRQHandler               
00003f6d  PORT2_IRQHandler               
00003f6d  PORT3_IRQHandler               
00003f6d  PORT4_IRQHandler               
00003f6d  PORT5_IRQHandler               
00003f6d  PORT6_IRQHandler               
00003f6d  PSS_IRQHandler                 
00001a5f  PWM_Duty1                      
00001a7f  PWM_Duty2                      
00001b23  PWM_Duty3                      
00001b43  PWM_Duty4                      
00001975  PWM_Init1                      
000019db  PWM_Init12                     
00001a9f  PWM_Init34                     
00003f6d  PendSV_Handler                 
200007d8  PeriodicTask2                  
00000ca7  PeriodicTask2_Init             
00000d21  PeriodicTask2_Stop             
200007dc  Position                       
200005c4  Postwait                       
200005bc  Prewait                        
00003f6d  RTC_C_IRQHandler               
00002105  Reflectance_Init               
000021d3  Reflectance_Position           
0000216b  Reflectance_Read               
00003f61  Reset_Handler                  
00003f6d  SVC_Handler                    
00000c23  Scope                          
00003e45  StartCritical                  
00003f6d  SysTick_Handler                
2000060c  SystemCoreClock                
00001165  SystemCoreClockUpdate          
000013d9  SystemInit                     
00000d11  T32_INT1_IRQHandler            
00000d11  T32_INT1_IRQHandler            
00003f6d  T32_INT2_IRQHandler            
00003f6d  T32_INTC_IRQHandler            
00003f6d  TA0_0_IRQHandler               
00003f6d  TA0_N_IRQHandler               
00002fa7  TA1_0_IRQHandler               
00002fa7  TA1_0_IRQHandler               
00003f6d  TA1_N_IRQHandler               
00003f6d  TA2_0_IRQHandler               
00003f6d  TA2_N_IRQHandler               
00003f6d  TA3_0_IRQHandler               
00003f6d  TA3_N_IRQHandler               
00000e63  TExaS_Clear0                   
00000e6f  TExaS_Clear1                   
00000e7b  TExaS_Clear2                   
00000e87  TExaS_Clear3                   
00000e93  TExaS_Clear4                   
00000e95  TExaS_Clear5                   
00000ea1  TExaS_Clear6                   
00000fa1  TExaS_Init                     
200005f0  TExaS_ScopeErrConflict         
200005ec  TExaS_ScopeErrLostData         
200005f4  TExaS_ScopeWrnReconfig         
00000e01  TExaS_Set                      
00000e19  TExaS_Set0                     
00000e25  TExaS_Set1                     
00000e31  TExaS_Set2                     
00000e3d  TExaS_Set3                     
00000e49  TExaS_Set4                     
00000e4b  TExaS_Set5                     
00000e57  TExaS_Set6                     
00001101  TExaS_Stop                     
00000db7  TExaS_Task0                    
00000dc3  TExaS_Task1                    
00000dcf  TExaS_Task2                    
00000ddb  TExaS_Task3                    
00000de7  TExaS_Task4                    
00000de9  TExaS_Task5                    
00000df5  TExaS_Task6                    
00001491  TimedPause                     
200007e0  TimerA1Task                    
00002f35  TimerA1_Init                   
00002f93  TimerA1_Stop                   
00000d8b  UART_InChar                    
00000d31  UART_Init                      
00000d9b  UART_OutChar                   
00003f6d  UsageFault_Handler             
4000480c  WDTCTL_SYM                     
00003f6d  WDT_A_IRQHandler               
00003e57  WaitForInterrupt               
20000610  __CIOBUF_                      
20010000  __STACK_END                    
00000200  __STACK_SIZE                   
00000400  __SYSMEM_SIZE                  
00004148  __TI_CINIT_Base                
00004158  __TI_CINIT_Limit               
00004130  __TI_Handler_Table_Base        
0000413c  __TI_Handler_Table_Limit       
00003b61  __TI_auto_init_nobinit_nopinit 
00003c99  __TI_cleanup                   
200005e0  __TI_cleanup_ptr               
00003325  __TI_closefile                 
0000354d  __TI_decompress_lzss           
00003f53  __TI_decompress_none           
000039b1  __TI_doflush                   
200005e4  __TI_dtors_ptr                 
200005e8  __TI_enable_exit_profile_output
200005d0  __TI_ft_end                    
0000390b  __TI_ltoa                      
ffffffff  __TI_pprof_out_hndl            
000000e5  __TI_printfi                   
ffffffff  __TI_prof_data_size            
ffffffff  __TI_prof_data_start           
00003ccd  __TI_readmsg                   
00000000  __TI_static_base__             
20000730  __TI_tmpnams                   
00003c29  __TI_writemsg                  
000036e5  __TI_wrt_ok                    
00003e7d  __TI_zero_init_nomemset        
0000319d  __aeabi_cdcmpeq                
0000319d  __aeabi_cdcmple                
00003223  __aeabi_cdrcmple               
00003a91  __aeabi_d2iz                   
00001f57  __aeabi_dadd                   
0000254d  __aeabi_ddiv                   
00002acd  __aeabi_dmul                   
00001f4d  __aeabi_dsub                   
00003f71  __aeabi_errno_addr             
00003d65  __aeabi_i2d                    
00002103  __aeabi_idiv0                  
00002103  __aeabi_ldiv0                  
000032a9  __aeabi_memclr                 
000032a9  __aeabi_memclr4                
000032a9  __aeabi_memclr8                
00002fdd  __aeabi_memcpy                 
00002fdd  __aeabi_memcpy4                
00002fdd  __aeabi_memcpy8                
000032ab  __aeabi_memset                 
000032ab  __aeabi_memset4                
000032ab  __aeabi_memset8                
200005dc  __aeabi_stderr                 
200005d4  __aeabi_stdin                  
200005d8  __aeabi_stdout                 
00003079  __aeabi_uldivmod               
ffffffff  __binit__                      
ffffffff  __c_args__                     
UNDEFED   __mpu_init                     
2000fe00  __stack                        
20000000  __start___llvm_prf_cnts        
20000000  __stop___llvm_prf_cnts         
00003d01  _c_int00_noargs                
00003f90  _ctypes_                       
200004f0  _device                        
20000400  _ftable                        
200005f8  _lock                          
00000b33  _nop                           
20000568  _stream                        
20000000  _sys_memory                    
UNDEFED   _system_post_cinit             
00003f89  _system_pre_init               
200005fc  _unlock                        
00003f8d  abort                          
000029cd  aligned_alloc                  
000039fd  atoi                           
ffffffff  binit                          
000037a9  close                          
00003ed1  copysign                       
00003ed1  copysignl                      
00001cb9  delay                          
20000608  errno                          
00003a49  exit                           
00003d35  finddevice                     
00003111  fputc                          
000027a9  fputs                          
00002cc1  free                           
0000361d  frexp                          
0000361d  frexpl                         
00003681  fseek                          
00003ba5  getdevice                      
00000000  interruptVectors               
000028bd  ldexp                          
000028bd  ldexpl                         
00003de9  lseek                          
000014b1  main                           
00003f79  malloc                         
000029cd  memalign                       
00003eb5  memccpy                        
00003e5d  memchr                         
00002fdd  memcpy                         
000032b1  memset                         
200007d0  parmbuf                        
000035b5  printf                         
00003111  putc                           
00003d95  remove                         
000028bd  scalbn                         
000028bd  scalbnl                        
00002da5  setvbuf                        
00003f03  strchr                         
00003eeb  strcmp                         
00003f19  strcpy                         
00003f2d  strlen                         
00003c61  strncpy                        
00003d95  unlink                         
00003f41  wcslen                         
00003e11  write                          


GLOBAL SYMBOLS: SORTED BY Symbol Address 

address   name                           
-------   ----                           
00000000  __TI_static_base__             
00000000  interruptVectors               
000000e5  __TI_printfi                   
00000200  __STACK_SIZE                   
00000400  __SYSMEM_SIZE                  
00000b33  _nop                           
00000b35  LogicAnalyzer                  
00000b3f  LogicAnalyzer_P1               
00000b4d  LogicAnalyzer_P2               
00000b5b  LogicAnalyzer_P2_7654          
00000b6b  LogicAnalyzer_P3               
00000b79  LogicAnalyzer_P4               
00000b87  LogicAnalyzer_P4_765432        
00000b97  LogicAnalyzer_P4_765320        
00000bcf  LogicAnalyzer_P5               
00000bdd  LogicAnalyzer_P6               
00000beb  LogicAnalyzer_P7               
00000bf9  LogicAnalyzer_P8               
00000c07  LogicAnalyzer_P9               
00000c15  LogicAnalyzer_P10              
00000c23  Scope                          
00000ca7  PeriodicTask2_Init             
00000d11  T32_INT1_IRQHandler            
00000d11  T32_INT1_IRQHandler            
00000d21  PeriodicTask2_Stop             
00000d31  UART_Init                      
00000d8b  UART_InChar                    
00000d9b  UART_OutChar                   
00000db7  TExaS_Task0                    
00000dc3  TExaS_Task1                    
00000dcf  TExaS_Task2                    
00000ddb  TExaS_Task3                    
00000de7  TExaS_Task4                    
00000de9  TExaS_Task5                    
00000df5  TExaS_Task6                    
00000e01  TExaS_Set                      
00000e19  TExaS_Set0                     
00000e25  TExaS_Set1                     
00000e31  TExaS_Set2                     
00000e3d  TExaS_Set3                     
00000e49  TExaS_Set4                     
00000e4b  TExaS_Set5                     
00000e57  TExaS_Set6                     
00000e63  TExaS_Clear0                   
00000e6f  TExaS_Clear1                   
00000e7b  TExaS_Clear2                   
00000e87  TExaS_Clear3                   
00000e93  TExaS_Clear4                   
00000e95  TExaS_Clear5                   
00000ea1  TExaS_Clear6                   
00000ec5  ADC_Init                       
00000fa1  TExaS_Init                     
00001101  TExaS_Stop                     
00001165  SystemCoreClockUpdate          
000013d9  SystemInit                     
00001491  TimedPause                     
000014b1  main                           
00001975  PWM_Init1                      
000019db  PWM_Init12                     
00001a5f  PWM_Duty1                      
00001a7f  PWM_Duty2                      
00001a9f  PWM_Init34                     
00001b23  PWM_Duty3                      
00001b43  PWM_Duty4                      
00001b9d  Clock_Init48MHz                
00001cb3  Clock_GetFreq                  
00001cb9  delay                          
00001cc7  Clock_Delay1us                 
00001cf1  Clock_Delay1ms                 
00001f4d  __aeabi_dsub                   
00001f57  __aeabi_dadd                   
00002103  __aeabi_idiv0                  
00002103  __aeabi_ldiv0                  
00002105  Reflectance_Init               
0000216b  Reflectance_Read               
000021d3  Reflectance_Position           
00002295  Motor_Init                     
000022eb  Motor_Stop                     
00002319  Motor_Forward                  
00002349  Motor_Right                    
00002383  Motor_Left                     
000023bd  Motor_Backward                 
0000254d  __aeabi_ddiv                   
000027a9  fputs                          
000028bd  ldexp                          
000028bd  ldexpl                         
000028bd  scalbn                         
000028bd  scalbnl                        
000029cd  aligned_alloc                  
000029cd  memalign                       
00002acd  __aeabi_dmul                   
00002bc9  LaunchPad_Init                 
00002c39  LaunchPad_Input                
00002c57  LaunchPad_LED                  
00002c75  LaunchPad_Output               
00002cc1  free                           
00002da5  setvbuf                        
00002f35  TimerA1_Init                   
00002f93  TimerA1_Stop                   
00002fa7  TA1_0_IRQHandler               
00002fa7  TA1_0_IRQHandler               
00002fdd  __aeabi_memcpy                 
00002fdd  __aeabi_memcpy4                
00002fdd  __aeabi_memcpy8                
00002fdd  memcpy                         
00003079  __aeabi_uldivmod               
00003111  fputc                          
00003111  putc                           
0000319d  __aeabi_cdcmpeq                
0000319d  __aeabi_cdcmple                
00003223  __aeabi_cdrcmple               
000032a9  __aeabi_memclr                 
000032a9  __aeabi_memclr4                
000032a9  __aeabi_memclr8                
000032ab  __aeabi_memset                 
000032ab  __aeabi_memset4                
000032ab  __aeabi_memset8                
000032b1  memset                         
00003325  __TI_closefile                 
00003479  HOSTrename                     
000034e5  HOSTlseek                      
0000354d  __TI_decompress_lzss           
000035b5  printf                         
0000361d  frexp                          
0000361d  frexpl                         
00003681  fseek                          
000036e5  __TI_wrt_ok                    
00003749  HOSTopen                       
000037a9  close                          
00003805  HOSTread                       
0000385d  HOSTwrite                      
0000390b  __TI_ltoa                      
000039b1  __TI_doflush                   
000039fd  atoi                           
00003a49  exit                           
00003a91  __aeabi_d2iz                   
00003ad9  HOSTclose                      
00003b1d  HOSTunlink                     
00003b61  __TI_auto_init_nobinit_nopinit 
00003ba5  getdevice                      
00003c29  __TI_writemsg                  
00003c57  C$$IO$$                        
00003c61  strncpy                        
00003c99  __TI_cleanup                   
00003ccd  __TI_readmsg                   
00003d01  _c_int00_noargs                
00003d35  finddevice                     
00003d65  __aeabi_i2d                    
00003d95  remove                         
00003d95  unlink                         
00003de9  lseek                          
00003e11  write                          
00003e39  DisableInterrupts              
00003e3f  EnableInterrupts               
00003e45  StartCritical                  
00003e4f  EndCritical                    
00003e57  WaitForInterrupt               
00003e5d  memchr                         
00003e7d  __TI_zero_init_nomemset        
00003eb5  memccpy                        
00003ed1  copysign                       
00003ed1  copysignl                      
00003eeb  strcmp                         
00003f03  strchr                         
00003f19  strcpy                         
00003f2d  strlen                         
00003f41  wcslen                         
00003f53  __TI_decompress_none           
00003f61  Reset_Handler                  
00003f6d  ADC14_IRQHandler               
00003f6d  AES256_IRQHandler              
00003f6d  BusFault_Handler               
00003f6d  COMP_E0_IRQHandler             
00003f6d  COMP_E1_IRQHandler             
00003f6d  CS_IRQHandler                  
00003f6d  DMA_ERR_IRQHandler             
00003f6d  DMA_INT0_IRQHandler            
00003f6d  DMA_INT1_IRQHandler            
00003f6d  DMA_INT2_IRQHandler            
00003f6d  DMA_INT3_IRQHandler            
00003f6d  DebugMon_Handler               
00003f6d  Default_Handler                
00003f6d  EUSCIA0_IRQHandler             
00003f6d  EUSCIA1_IRQHandler             
00003f6d  EUSCIA2_IRQHandler             
00003f6d  EUSCIA3_IRQHandler             
00003f6d  EUSCIB0_IRQHandler             
00003f6d  EUSCIB1_IRQHandler             
00003f6d  EUSCIB2_IRQHandler             
00003f6d  EUSCIB3_IRQHandler             
00003f6d  FLCTL_IRQHandler               
00003f6d  FPU_IRQHandler                 
00003f6d  HardFault_Handler              
00003f6d  MemManage_Handler              
00003f6d  NMI_Handler                    
00003f6d  PCM_IRQHandler                 
00003f6d  PORT1_IRQHandler               
00003f6d  PORT2_IRQHandler               
00003f6d  PORT3_IRQHandler               
00003f6d  PORT4_IRQHandler               
00003f6d  PORT5_IRQHandler               
00003f6d  PORT6_IRQHandler               
00003f6d  PSS_IRQHandler                 
00003f6d  PendSV_Handler                 
00003f6d  RTC_C_IRQHandler               
00003f6d  SVC_Handler                    
00003f6d  SysTick_Handler                
00003f6d  T32_INT2_IRQHandler            
00003f6d  T32_INTC_IRQHandler            
00003f6d  TA0_0_IRQHandler               
00003f6d  TA0_N_IRQHandler               
00003f6d  TA1_N_IRQHandler               
00003f6d  TA2_0_IRQHandler               
00003f6d  TA2_N_IRQHandler               
00003f6d  TA3_0_IRQHandler               
00003f6d  TA3_N_IRQHandler               
00003f6d  UsageFault_Handler             
00003f6d  WDT_A_IRQHandler               
00003f71  __aeabi_errno_addr             
00003f79  malloc                         
00003f89  _system_pre_init               
00003f8d  C$$EXIT                        
00003f8d  abort                          
00003f90  _ctypes_                       
00004130  __TI_Handler_Table_Base        
0000413c  __TI_Handler_Table_Limit       
00004148  __TI_CINIT_Base                
00004158  __TI_CINIT_Limit               
20000000  __start___llvm_prf_cnts        
20000000  __stop___llvm_prf_cnts         
20000000  _sys_memory                    
20000400  _ftable                        
200004f0  _device                        
20000568  _stream                        
200005b8  ClockFrequency                 
200005bc  Prewait                        
200005c0  CPMwait                        
200005c4  Postwait                       
200005c8  IFlags                         
200005cc  Crystalstable                  
200005d0  __TI_ft_end                    
200005d4  __aeabi_stdin                  
200005d8  __aeabi_stdout                 
200005dc  __aeabi_stderr                 
200005e0  __TI_cleanup_ptr               
200005e4  __TI_dtors_ptr                 
200005e8  __TI_enable_exit_profile_output
200005ec  TExaS_ScopeErrLostData         
200005f0  TExaS_ScopeErrConflict         
200005f4  TExaS_ScopeWrnReconfig         
200005f8  _lock                          
200005fc  _unlock                        
20000608  errno                          
2000060c  SystemCoreClock                
20000610  __CIOBUF_                      
20000730  __TI_tmpnams                   
200007d0  parmbuf                        
200007d8  PeriodicTask2                  
200007dc  Position                       
200007e0  TimerA1Task                    
200007e4  Data                           
200007e5  LogicData                      
2000fe00  __stack                        
20010000  __STACK_END                    
4000480c  WDTCTL_SYM                     
ffffffff  __TI_pprof_out_hndl            
ffffffff  __TI_prof_data_size            
ffffffff  __TI_prof_data_start           
ffffffff  __binit__                      
ffffffff  __c_args__                     
ffffffff  binit                          
UNDEFED   __mpu_init                     
UNDEFED   _system_post_cinit             

[273 symbols]
